// Jest Snapshot v1, https://goo.gl/fbAQLP

exports[`Search component matches snapshot 1`] = `
<DocumentFragment>
  <input
    class="search-input"
    placeholder="enter your search"
    type="text"
  />
</DocumentFragment>
`;
