// Jest Snapshot v1, https://goo.gl/fbAQLP

exports[`SearchResults matches snapshot 1`] = `
<DocumentFragment>
  <div
    class="search-results"
    data-testid="search-results"
  >
    <div>
      <div
        style="display: flex; flex-direction: row; justify-content: center; align-content: stretch; box-sizing: border-box; width: 100%; gap: 1rem;"
      >
        <div
          style="display: flex; flex-direction: column; justify-content: flex-start; align-content: stretch; flex: 1; width: 0px; gap: 1rem;"
        >
          <img
            alt=""
            class="search-results__image"
            src="https://images-assets.nasa.gov/image/PIA12235/PIA12235~thumb.jpg"
          />
          <img
            alt=""
            class="search-results__image"
            src="https://images-assets.nasa.gov/image/PIA12228/PIA12228~thumb.jpg"
          />
        </div>
        <div
          style="display: flex; flex-direction: column; justify-content: flex-start; align-content: stretch; flex: 1; width: 0px; gap: 1rem;"
        >
          <img
            alt=""
            class="search-results__image"
            src="https://images-assets.nasa.gov/image/PIA13517/PIA13517~thumb.jpg"
          />
        </div>
      </div>
    </div>
  </div>
</DocumentFragment>
`;
